// Vitest Snapshot v1, https://vitest.dev/guide/snapshot.html

exports[`snapDraggedStation — narrowing equivalence against the full-scan oracle > reproduces the recorded full-scan results over randomized docs 1`] = `
[
  {
    "guides": [
      {
        "from": {
          "x": 160,
          "y": 40,
        },
        "label": "56.6",
        "to": {
          "x": 120,
          "y": 80,
        },
      },
      {
        "from": {
          "x": 160,
          "y": 40,
        },
        "label": "40.0",
        "to": {
          "x": 120,
          "y": 40,
        },
      },
    ],
    "seed": 1,
    "x": 160,
    "y": 40,
  },
  {
    "guides": [],
    "seed": 2,
    "x": 110,
    "y": 50,
  },
  {
    "guides": [],
    "seed": 3,
    "x": 6.3640705570578575,
    "y": -10.634654631838202,
  },
  {
    "guides": [],
    "seed": 4,
    "x": 75.38760658539832,
    "y": 90.9233927950263,
  },
  {
    "guides": [],
    "seed": 5,
    "x": 128.32357807829976,
    "y": 41.89343629218638,
  },
  {
    "guides": [],
    "seed": 6,
    "x": -1.9365111328661442,
    "y": 76.6912198625505,
  },
  {
    "guides": [],
    "seed": 7,
    "x": 47.86308362148702,
    "y": 68.95948337391019,
  },
  {
    "guides": [],
    "seed": 8,
    "x": 28.543391674757004,
    "y": 91.0150324832648,
  },
  {
    "guides": [],
    "seed": 9,
    "x": 162.72864442877471,
    "y": 0.8047489318996668,
  },
  {
    "guides": [],
    "seed": 10,
    "x": 150,
    "y": -10,
  },
  {
    "guides": [],
    "seed": 11,
    "x": -0.8118396643549204,
    "y": 36.469908544793725,
  },
  {
    "guides": [],
    "seed": 12,
    "x": -6.110647279769182,
    "y": -2.4094700161367655,
  },
  {
    "guides": [
      {
        "from": {
          "x": 120,
          "y": 80,
        },
        "label": "113.1",
        "to": {
          "x": 40,
          "y": 0,
        },
      },
      {
        "from": {
          "x": 120,
          "y": 80,
        },
        "label": "40.0",
        "to": {
          "x": 120,
          "y": 120,
        },
      },
    ],
    "seed": 13,
    "x": 120,
    "y": 80,
  },
  {
    "guides": [],
    "seed": 14,
    "x": 80,
    "y": 80,
  },
  {
    "guides": [],
    "seed": 15,
    "x": 84.27905094251037,
    "y": 84.04473241977394,
  },
  {
    "guides": [],
    "seed": 16,
    "x": 72.97592877596617,
    "y": -7.743748622015119,
  },
  {
    "guides": [
      {
        "from": {
          "x": 134,
          "y": 89.89949493661166,
        },
        "label": "49.9",
        "to": {
          "x": 134,
          "y": 40,
        },
      },
      {
        "from": {
          "x": 124.10050506338834,
          "y": 80,
        },
        "label": "124.1",
        "to": {
          "x": 0,
          "y": 80,
        },
      },
    ],
    "seed": 17,
    "x": 124.10050506338834,
    "y": 80,
  },
  {
    "guides": [],
    "seed": 18,
    "x": 111.04265698604286,
    "y": 84.66068677790463,
  },
  {
    "guides": [],
    "seed": 19,
    "x": 34.328516183421016,
    "y": 90.03651336021721,
  },
  {
    "guides": [
      {
        "from": {
          "x": 151.53584081493318,
          "y": 40,
        },
        "label": "71.5",
        "to": {
          "x": 80,
          "y": 40,
        },
      },
    ],
    "seed": 20,
    "x": 151.53584081493318,
    "y": 40,
  },
  {
    "guides": [],
    "seed": 21,
    "x": -4.454168686643243,
    "y": 48.754222337156534,
  },
  {
    "guides": [
      {
        "from": {
          "x": 120,
          "y": 110.91981680318713,
        },
        "label": "9.1",
        "to": {
          "x": 120,
          "y": 120,
        },
      },
    ],
    "seed": 22,
    "x": 120,
    "y": 110.91981680318713,
  },
  {
    "guides": [
      {
        "from": {
          "x": 126.02850591391325,
          "y": 40,
        },
        "label": "86.0",
        "to": {
          "x": 40,
          "y": 40,
        },
      },
    ],
    "seed": 23,
    "x": 126.02850591391325,
    "y": 40,
  },
  {
    "guides": [
      {
        "from": {
          "x": 80,
          "y": 8.249560128897429,
        },
        "label": "111.8",
        "to": {
          "x": 80,
          "y": 120,
        },
      },
    ],
    "seed": 24,
    "x": 80,
    "y": 8.249560128897429,
  },
  {
    "guides": [],
    "seed": 25,
    "x": 31.126494804397225,
    "y": -3.437076061964035,
  },
  {
    "guides": [
      {
        "from": {
          "x": 120,
          "y": 120,
        },
        "label": "56.6",
        "to": {
          "x": 160,
          "y": 80,
        },
      },
      {
        "from": {
          "x": 120,
          "y": 120,
        },
        "label": "40.0",
        "to": {
          "x": 120,
          "y": 160,
        },
      },
      {
        "from": {
          "x": 120,
          "y": 120,
        },
        "label": "40.0",
        "to": {
          "x": 120,
          "y": 80,
        },
      },
    ],
    "seed": 26,
    "x": 120,
    "y": 120,
  },
  {
    "guides": [
      {
        "from": {
          "x": 40,
          "y": 80,
        },
        "label": "40.0",
        "to": {
          "x": 0,
          "y": 80,
        },
      },
      {
        "from": {
          "x": 40,
          "y": 80,
        },
        "label": "40.0",
        "to": {
          "x": 40,
          "y": 40,
        },
      },
    ],
    "seed": 27,
    "x": 40,
    "y": 80,
  },
  {
    "guides": [],
    "seed": 28,
    "x": 170,
    "y": 0,
  },
  {
    "guides": [
      {
        "from": {
          "x": 40,
          "y": 40,
        },
        "label": "0.0",
        "to": {
          "x": 40,
          "y": 40,
        },
      },
      {
        "from": {
          "x": 40,
          "y": 40,
        },
        "label": "0.0",
        "to": {
          "x": 40,
          "y": 40,
        },
      },
    ],
    "seed": 29,
    "x": 40,
    "y": 40,
  },
  {
    "guides": [],
    "seed": 30,
    "x": 160.43440033495426,
    "y": 76.10099504701793,
  },
  {
    "guides": [],
    "seed": 31,
    "x": 30,
    "y": 170,
  },
  {
    "guides": [
      {
        "from": {
          "x": 70.31701723765582,
          "y": -9.682982762344189,
        },
        "label": "70.3",
        "to": {
          "x": 120,
          "y": 40,
        },
      },
    ],
    "seed": 32,
    "x": 56.31701723765582,
    "y": -9.682982762344189,
  },
  {
    "guides": [],
    "seed": 33,
    "x": 116.70460709184408,
    "y": 130.99445027299225,
  },
  {
    "guides": [],
    "seed": 34,
    "x": 121.2329040337354,
    "y": 46.75363986380398,
  },
  {
    "guides": [],
    "seed": 35,
    "x": -8.152677381411195,
    "y": 68.67153298668563,
  },
  {
    "guides": [],
    "seed": 36,
    "x": 160,
    "y": 160,
  },
  {
    "guides": [],
    "seed": 37,
    "x": 153.2375014089048,
    "y": 4.055898746475577,
  },
  {
    "guides": [],
    "seed": 38,
    "x": 165.79264030978084,
    "y": 45.144441429525614,
  },
  {
    "guides": [
      {
        "from": {
          "x": 160,
          "y": 120,
        },
        "label": "0.0",
        "to": {
          "x": 160,
          "y": 120,
        },
      },
      {
        "from": {
          "x": 160,
          "y": 120,
        },
        "label": "0.0",
        "to": {
          "x": 160,
          "y": 120,
        },
      },
    ],
    "seed": 39,
    "x": 160,
    "y": 120,
  },
  {
    "guides": [
      {
        "from": {
          "x": 160,
          "y": 0,
        },
        "label": "169.7",
        "to": {
          "x": 40,
          "y": 120,
        },
      },
      {
        "from": {
          "x": 160,
          "y": 0,
        },
        "label": "160.0",
        "to": {
          "x": 0,
          "y": 0,
        },
      },
    ],
    "seed": 40,
    "x": 160,
    "y": 0,
  },
  {
    "guides": [],
    "seed": 41,
    "x": 154.81945720501244,
    "y": 82.41534670256078,
  },
  {
    "guides": [],
    "seed": 42,
    "x": 50.61506921984255,
    "y": -8.704838214442134,
  },
  {
    "guides": [],
    "seed": 43,
    "x": 9.67325352318585,
    "y": 170.00737594254315,
  },
  {
    "guides": [],
    "seed": 44,
    "x": 80,
    "y": 130,
  },
  {
    "guides": [],
    "seed": 45,
    "x": 86.65835752338171,
    "y": 77.310008270666,
  },
  {
    "guides": [],
    "seed": 46,
    "x": 0,
    "y": 120,
  },
  {
    "guides": [
      {
        "from": {
          "x": 110,
          "y": 120,
        },
        "label": "30.0",
        "to": {
          "x": 80,
          "y": 120,
        },
      },
    ],
    "seed": 47,
    "x": 110,
    "y": 120,
  },
  {
    "guides": [
      {
        "from": {
          "x": 40,
          "y": 80,
        },
        "label": "80.0",
        "to": {
          "x": 40,
          "y": 0,
        },
      },
      {
        "from": {
          "x": 40,
          "y": 80,
        },
        "label": "56.6",
        "to": {
          "x": 80,
          "y": 40,
        },
      },
      {
        "from": {
          "x": 40,
          "y": 80,
        },
        "label": "56.6",
        "to": {
          "x": 0,
          "y": 120,
        },
      },
    ],
    "seed": 48,
    "x": 40,
    "y": 80,
  },
  {
    "guides": [],
    "seed": 49,
    "x": 157.59910149127245,
    "y": -5.2954480815678835,
  },
  {
    "guides": [],
    "seed": 50,
    "x": 40,
    "y": 0,
  },
  {
    "guides": [
      {
        "from": {
          "x": 40,
          "y": 160,
        },
        "label": "0.0",
        "to": {
          "x": 40,
          "y": 160,
        },
      },
      {
        "from": {
          "x": 40,
          "y": 160,
        },
        "label": "0.0",
        "to": {
          "x": 40,
          "y": 160,
        },
      },
    ],
    "seed": 51,
    "x": 40,
    "y": 160,
  },
  {
    "guides": [
      {
        "from": {
          "x": 148.61781450361013,
          "y": 108.61781450361013,
        },
        "label": "153.6",
        "to": {
          "x": 40,
          "y": 0,
        },
      },
    ],
    "seed": 52,
    "x": 148.61781450361013,
    "y": 108.61781450361013,
  },
  {
    "guides": [],
    "seed": 53,
    "x": 170.86309951357543,
    "y": 10.525273812934756,
  },
  {
    "guides": [],
    "seed": 54,
    "x": 120,
    "y": 30,
  },
  {
    "guides": [],
    "seed": 55,
    "x": 51.91396886110306,
    "y": -1.0607568752020597,
  },
  {
    "guides": [],
    "seed": 56,
    "x": 69.44656918942928,
    "y": 125.46428941749036,
  },
  {
    "guides": [
      {
        "from": {
          "x": 80,
          "y": 109.38352129608393,
        },
        "label": "10.6",
        "to": {
          "x": 80,
          "y": 120,
        },
      },
    ],
    "seed": 57,
    "x": 80,
    "y": 109.38352129608393,
  },
  {
    "guides": [
      {
        "from": {
          "x": 160,
          "y": 73.17315537668765,
        },
        "label": "46.8",
        "to": {
          "x": 160,
          "y": 120,
        },
      },
    ],
    "seed": 58,
    "x": 160,
    "y": 73.17315537668765,
  },
  {
    "guides": [],
    "seed": 59,
    "x": -9.114531062543392,
    "y": 122.59035233035684,
  },
  {
    "guides": [],
    "seed": 60,
    "x": -10.307332964614034,
    "y": 51.64034432545304,
  },
]
`;
